// Jest Snapshot v1, https://goo.gl/fbAQLP

exports[`render correctly and matches the home snapshot 1`] = `
<DocumentFragment>
  <div
    class="container"
  >
    <h2
      class="welcome"
    >
      Welcome to our Math app!
    </h2>
    <p
      class="text"
    >
      We are excited to provide you with a platform that makes math learning fun, easy, and interactive. Our app is designed to help you improve your math skills in a variety of topics, from basic arithmetic to advanced calculus, while also challenging you with engaging problem sets and puzzles. Whether you are a student looking to improve your grades or an adult looking to refresh your math knowledge, our app has something for everyone.
    </p>
    <p
      class="text"
    >
      Our app features a wide range of interactive learning tools, including video tutorials, interactive quizzes, and step-by-step problem-solving guides. Our video tutorials are designed to help you grasp difficult concepts by breaking them down into manageable pieces, while our quizzes and problem-solving guides allow you to practice and reinforce what you have learned. Our app also features gamification elements, such as badges and rewards, to keep you motivated and engaged in your learning journey. Additionally, our app allows you to track your progress over time, so you can see how far you've come and where you need to focus your efforts. We believe that by providing you with a personalized learning experience that adapts to your needs and interests, you can develop a deeper understanding and appreciation of math.
    </p>
    <p
      class="text"
    >
      At our app, we are committed to making math accessible and enjoyable for everyone. We understand that math can be a challenging subject for many students, but we believe that with the right tools and support, anyone can become a confident and successful math learner. Our app is constantly evolving to meet the needs of our users, so we welcome your feedback and suggestions for new features or improvements. We are dedicated to providing you with the best possible learning experience and look forward to helping you achieve your math goals. Thank you for choosing our math web app!
    </p>
  </div>
</DocumentFragment>
`;
